<?xml version="1.0" encoding="utf-8"?><assemblies schema-version="3" id="addacd43-99b3-428b-aea9-facbd6421918" user="gerald" start-rtf="2026-01-21T18:58:26.5465580+00:00" finish-rtf="2026-01-21T19:58:27.9933980+01:00" timestamp="01/21/2026 19:58:27"><assembly environment="64-bit (ARM) .NET 10.0.0 [collection-per-class, parallel (16 threads)]" id="315a6a00-ab4f-4b7e-95db-4cb9653499f7" name="/Users/gerald/RiderProjects/meshmakers/main/octo-communication-controller-services/tests/CommunicationControllerServices.IntegrationTests/bin/Debug/net10.0/CommControllerServices.IntegrationTests.dll" run-date="2026-01-21" run-time="19:58:19" start-rtf="2026-01-21T19:58:19.0880360+01:00" test-framework="xUnit.net v3 3.2.2+728c1dce01" target-framework=".NETCoreApp,Version=v10.0" errors="0" failed="1" finish-rtf="2026-01-21T19:58:27.9933980+01:00" not-run="0" passed="11" skipped="0" time="8.906" time-rtf="00:00:08.9055192" total="12"><collection name="Test collection for Meshmakers.Octo.Backend.CommunicationControllerServices.IntegrationTests.Api.HealthCheckTests (id: 71b09f1d67c0da923f1f950379413052431e9ed393606a7f02a7748550ab9e26)" id="77617c50-8819-4141-8d34-ea9d18521932" failed="0" not-run="0" passed="3" skipped="0" time="0.594" time-rtf="00:00:00.5939855" total="3"><test id="3a28e4af-16c8-4e3a-94c4-b78e2bc55ee2" name="Meshmakers.Octo.Backend.CommunicationControllerServices.IntegrationTests.Api.HealthCheckTests.HealthEndpoint_ReturnsExpectedStatusCode" result="Pass" time="0.5704975" time-rtf="00:00:00.5704975" start-rtf="2026-01-21T18:58:26.5465580+00:00" finish-rtf="2026-01-21T18:58:27.1185100+00:00" type="Meshmakers.Octo.Backend.CommunicationControllerServices.IntegrationTests.Api.HealthCheckTests" method="HealthEndpoint_ReturnsExpectedStatusCode" source-file="/Users/gerald/RiderProjects/meshmakers/main/octo-communication-controller-services/tests/CommunicationControllerServices.IntegrationTests/Api/HealthCheckTests.cs" source-line="17" /><test id="0dd2e63b-4cba-47a3-98eb-adc04bffea6e" name="Meshmakers.Octo.Backend.CommunicationControllerServices.IntegrationTests.Api.HealthCheckTests.UnknownEndpoint_ReturnsNotFound" result="Pass" time="0.005479" time-rtf="00:00:00.0054790" start-rtf="2026-01-21T18:58:27.1186670+00:00" finish-rtf="2026-01-21T18:58:27.1241810+00:00" type="Meshmakers.Octo.Backend.CommunicationControllerServices.IntegrationTests.Api.HealthCheckTests" method="UnknownEndpoint_ReturnsNotFound" source-file="/Users/gerald/RiderProjects/meshmakers/main/octo-communication-controller-services/tests/CommunicationControllerServices.IntegrationTests/Api/HealthCheckTests.cs" source-line="40" /><test id="878b47d0-9246-4382-bc22-f4b275d659bf" name="Meshmakers.Octo.Backend.CommunicationControllerServices.IntegrationTests.Api.HealthCheckTests.SwaggerEndpoint_ReturnsOk" result="Pass" time="0.018009" time-rtf="00:00:00.0180090" start-rtf="2026-01-21T18:58:27.1243320+00:00" finish-rtf="2026-01-21T18:58:27.1423810+00:00" type="Meshmakers.Octo.Backend.CommunicationControllerServices.IntegrationTests.Api.HealthCheckTests" method="SwaggerEndpoint_ReturnsOk" source-file="/Users/gerald/RiderProjects/meshmakers/main/octo-communication-controller-services/tests/CommunicationControllerServices.IntegrationTests/Api/HealthCheckTests.cs" source-line="30" /></collection><collection name="CommunicationController" id="11258e9a-358b-42fe-9a24-0f1a25e8c2be" failed="1" not-run="0" passed="8" skipped="0" time="0.604" time-rtf="00:00:00.6039903" total="9"><test id="0400dbca-e925-49f9-857d-a5d9f23a1c26" name="Meshmakers.Octo.Backend.CommunicationControllerServices.IntegrationTests.Repository.CommunicationRepositoryTests.GetPools_WhenEmpty_ShouldReturnEmptyList" result="Pass" time="0.0201488" time-rtf="00:00:00.0201488" start-rtf="2026-01-21T18:58:26.9942580+00:00" finish-rtf="2026-01-21T18:58:27.0172090+00:00" type="Meshmakers.Octo.Backend.CommunicationControllerServices.IntegrationTests.Repository.CommunicationRepositoryTests" method="GetPools_WhenEmpty_ShouldReturnEmptyList" source-file="/Users/gerald/RiderProjects/meshmakers/main/octo-communication-controller-services/tests/CommunicationControllerServices.IntegrationTests/Repository/CommunicationRepositoryTests.cs" source-line="38" /><test id="8b65822d-d03c-4bfb-9966-8f201246bba2" name="Meshmakers.Octo.Backend.CommunicationControllerServices.IntegrationTests.Repository.CommunicationRepositoryTests.CreatePool_ShouldCreatePoolSuccessfully" result="Fail" time="0.0302041" time-rtf="00:00:00.0302041" start-rtf="2026-01-21T18:58:27.0211980+00:00" finish-rtf="2026-01-21T18:58:27.0615440+00:00" type="Meshmakers.Octo.Backend.CommunicationControllerServices.IntegrationTests.Repository.CommunicationRepositoryTests" method="CreatePool_ShouldCreatePoolSuccessfully" source-file="/Users/gerald/RiderProjects/meshmakers/main/octo-communication-controller-services/tests/CommunicationControllerServices.IntegrationTests/Repository/CommunicationRepositoryTests.cs" source-line="69"><failure exception-type="Meshmakers.Octo.Backend.CommunicationControllerServices.Repository.CommunicationRepositoryException"><message><![CDATA[Meshmakers.Octo.Backend.CommunicationControllerServices.Repository.CommunicationRepositoryException : [test-tenant] Failed to get pool with name 'test-pool-73449a7f171942be97f5a3aba41bc532'
---- System.InvalidCastException : Unable to cast object of type 'Meshmakers.Octo.Runtime.Contracts.RepositoryEntities.RtEntity' to type 'Meshmakers.Octo.ConstructionKit.Models.System.Communication.Generated.System.Communication.v2.RtPool'.]]></message><stack-trace><![CDATA[   at Meshmakers.Octo.Backend.CommunicationControllerServices.Repository.CommunicationRepository.GetPoolByNameAsync(String tenantId, String poolName) in /Users/gerald/RiderProjects/meshmakers/main/octo-communication-controller-services/src/CommunicationControllerServices/Repository/CommunicationRepository.cs:line 200
   at Meshmakers.Octo.Backend.CommunicationControllerServices.IntegrationTests.Repository.CommunicationRepositoryTests.CreatePool_ShouldCreatePoolSuccessfully() in /Users/gerald/RiderProjects/meshmakers/main/octo-communication-controller-services/tests/CommunicationControllerServices.IntegrationTests/Repository/CommunicationRepositoryTests.cs:line 79
--- End of stack trace from previous location ---
----- Inner Stack Trace -----
   at MongoDB.Driver.Core.Operations.RetryableReadOperationExecutor.Execute[TResult](OperationContext operationContext, IRetryableReadOperation`1 operation, RetryableReadContext context)
   at MongoDB.Driver.Core.Operations.ReadCommandOperation`1.Execute(OperationContext operationContext, RetryableReadContext context)
   at MongoDB.Driver.Core.Operations.AggregateOperation`1.Execute(OperationContext operationContext, RetryableReadContext context)
   at MongoDB.Driver.Core.Operations.AggregateOperation`1.Execute(OperationContext operationContext, IReadBinding binding)
   at MongoDB.Driver.OperationExecutor.ExecuteReadOperation[TResult](OperationContext operationContext, IClientSessionHandle session, IReadOperation`1 operation, ReadPreference readPreference, Boolean allowChannelPinning)
   at MongoDB.Driver.MongoCollectionImpl`1.ExecuteReadOperation[TResult](IClientSessionHandle session, IReadOperation`1 operation, ReadPreference explicitReadPreference, Nullable`1 timeout, CancellationToken cancellationToken)
   at MongoDB.Driver.MongoCollectionImpl`1.ExecuteReadOperation[TResult](IClientSessionHandle session, IReadOperation`1 operation, Nullable`1 timeout, CancellationToken cancellationToken)
   at MongoDB.Driver.MongoCollectionImpl`1.Aggregate[TResult](IClientSessionHandle session, PipelineDefinition`2 pipeline, AggregateOptions options, CancellationToken cancellationToken)
   at Meshmakers.Octo.Runtime.Engine.MongoDb.Repositories.MongoDb.MongoDbDataSourceCollection`2.Aggregate[TOutput](IOctoSession session, PipelineDefinition`2 pipelineDefinition)
   at Meshmakers.Octo.Runtime.Engine.MongoDb.Repositories.Query.SingleOriginQuery`2.ExecuteQuery(IOctoSession octoSession, Nullable`1 skip, Nullable`1 take)
   at Meshmakers.Octo.Runtime.Engine.MongoDb.Repositories.MongoDb.TenantRepository.GetRtEntitiesByTypeAsync[TEntity](IOctoSession session, RtCkId`1 ckTypeId, RtEntityQueryOptions queryOptions, Nullable`1 skip, Nullable`1 take)
   at Meshmakers.Octo.Runtime.Engine.Repositories.RuntimeRepositoryBase.GetRtEntitiesByTypeAsync[TEntity](IOctoSession session, RtEntityQueryOptions rtEntityQueryOptions, Nullable`1 skip, Nullable`1 take)
   at Meshmakers.Octo.Backend.CommunicationControllerServices.Repository.CommunicationRepository.GetPoolByNameAsync(String tenantId, String poolName) in /Users/gerald/RiderProjects/meshmakers/main/octo-communication-controller-services/src/CommunicationControllerServices/Repository/CommunicationRepository.cs:line 192]]></stack-trace></failure></test><test id="1683b493-b1e0-472b-b363-651ea90a99e2" name="Meshmakers.Octo.Backend.CommunicationControllerServices.IntegrationTests.Repository.CommunicationRepositoryTests.IsTenantExisting_ForNonExistentTenant_ShouldReturnFalse" result="Pass" time="0.0036036" time-rtf="00:00:00.0036036" start-rtf="2026-01-21T18:58:27.0618970+00:00" finish-rtf="2026-01-21T18:58:27.0655260+00:00" type="Meshmakers.Octo.Backend.CommunicationControllerServices.IntegrationTests.Repository.CommunicationRepositoryTests" method="IsTenantExisting_ForNonExistentTenant_ShouldReturnFalse" source-file="/Users/gerald/RiderProjects/meshmakers/main/octo-communication-controller-services/tests/CommunicationControllerServices.IntegrationTests/Repository/CommunicationRepositoryTests.cs" source-line="59" /><test id="fde280cd-1287-492a-a12c-b7c2f1000d41" name="Meshmakers.Octo.Backend.CommunicationControllerServices.IntegrationTests.Repository.CommunicationRepositoryTests.GetAdapters_WhenEmpty_ShouldReturnEmptyList" result="Pass" time="0.0101785" time-rtf="00:00:00.0101785" start-rtf="2026-01-21T18:58:27.0656510+00:00" finish-rtf="2026-01-21T18:58:27.0758970+00:00" type="Meshmakers.Octo.Backend.CommunicationControllerServices.IntegrationTests.Repository.CommunicationRepositoryTests" method="GetAdapters_WhenEmpty_ShouldReturnEmptyList" source-file="/Users/gerald/RiderProjects/meshmakers/main/octo-communication-controller-services/tests/CommunicationControllerServices.IntegrationTests/Repository/CommunicationRepositoryTests.cs" source-line="27" /><test id="fc5b5604-155e-4092-8ba3-6968d11be9e3" name="Meshmakers.Octo.Backend.CommunicationControllerServices.IntegrationTests.Repository.CommunicationRepositoryTests.GetAdapter_WhenNotExists_ShouldThrowException" result="Pass" time="0.0179286" time-rtf="00:00:00.0179286" start-rtf="2026-01-21T18:58:27.0760610+00:00" finish-rtf="2026-01-21T18:58:27.0940290+00:00" type="Meshmakers.Octo.Backend.CommunicationControllerServices.IntegrationTests.Repository.CommunicationRepositoryTests" method="GetAdapter_WhenNotExists_ShouldThrowException" source-file="/Users/gerald/RiderProjects/meshmakers/main/octo-communication-controller-services/tests/CommunicationControllerServices.IntegrationTests/Repository/CommunicationRepositoryTests.cs" source-line="16" /><test id="b452482b-078f-49f3-b024-b04d94cd85b1" name="Meshmakers.Octo.Backend.CommunicationControllerServices.IntegrationTests.Repository.CommunicationRepositoryTests.IsTenantExisting_ForTestTenant_ShouldReturnTrue" result="Pass" time="0.0039166" time-rtf="00:00:00.0039166" start-rtf="2026-01-21T18:58:27.0943070+00:00" finish-rtf="2026-01-21T18:58:27.0982580+00:00" type="Meshmakers.Octo.Backend.CommunicationControllerServices.IntegrationTests.Repository.CommunicationRepositoryTests" method="IsTenantExisting_ForTestTenant_ShouldReturnTrue" source-file="/Users/gerald/RiderProjects/meshmakers/main/octo-communication-controller-services/tests/CommunicationControllerServices.IntegrationTests/Repository/CommunicationRepositoryTests.cs" source-line="49" /><test id="42b3498f-b584-4411-ae5e-3ccae752d21a" name="Meshmakers.Octo.Backend.CommunicationControllerServices.IntegrationTests.Repository.SystemContextTests.GetTestTenant_ShouldReturnTestTenantContext" result="Pass" time="0.004628" time-rtf="00:00:00.0046280" start-rtf="2026-01-21T18:58:27.1005980+00:00" finish-rtf="2026-01-21T18:58:27.1052570+00:00" type="Meshmakers.Octo.Backend.CommunicationControllerServices.IntegrationTests.Repository.SystemContextTests" method="GetTestTenant_ShouldReturnTestTenantContext" source-file="/Users/gerald/RiderProjects/meshmakers/main/octo-communication-controller-services/tests/CommunicationControllerServices.IntegrationTests/Repository/SystemContextTests.cs" source-line="21" /><test id="d609b220-d45f-4886-994f-ab043c6549e5" name="Meshmakers.Octo.Backend.CommunicationControllerServices.IntegrationTests.Repository.SystemContextTests.IsSystemTenantExisting_ShouldReturnTrue" result="Pass" time="0.0017889" time-rtf="00:00:00.0017889" start-rtf="2026-01-21T18:58:27.1053920+00:00" finish-rtf="2026-01-21T18:58:27.1072010+00:00" type="Meshmakers.Octo.Backend.CommunicationControllerServices.IntegrationTests.Repository.SystemContextTests" method="IsSystemTenantExisting_ShouldReturnTrue" source-file="/Users/gerald/RiderProjects/meshmakers/main/octo-communication-controller-services/tests/CommunicationControllerServices.IntegrationTests/Repository/SystemContextTests.cs" source-line="13" /><test id="c9fa939b-fa56-470d-b309-15ff3b22bf28" name="Meshmakers.Octo.Backend.CommunicationControllerServices.IntegrationTests.Repository.SystemContextTests.CreateAndDeleteChildTenant_ShouldSucceed" result="Pass" time="0.5115932" time-rtf="00:00:00.5115932" start-rtf="2026-01-21T18:58:27.1072920+00:00" finish-rtf="2026-01-21T18:58:27.6189160+00:00" type="Meshmakers.Octo.Backend.CommunicationControllerServices.IntegrationTests.Repository.SystemContextTests" method="CreateAndDeleteChildTenant_ShouldSucceed" source-file="/Users/gerald/RiderProjects/meshmakers/main/octo-communication-controller-services/tests/CommunicationControllerServices.IntegrationTests/Repository/SystemContextTests.cs" source-line="36" /></collection></assembly></assemblies>